---
source: src/widgets/text.rs
expression: buffer
---
Buffer {
    area: Rect { x: 0, y: 0, width: 40, height: 3 },
    content: [
        "Let's not wrap this text even though it'",
        "                                        ",
        "                                        ",
    ],
    styles: [
        x: 0, y: 0, fg: Reset, bg: Reset, underline: Reset, modifier: NONE,
    ]
}
